// Jest Snapshot v1, https://goo.gl/fbAQLP

exports[`nuclei basic test 1`] = `
Array [
  Object {
    "author": "madrobot",
    "description": "",
    "matched": "https://google-gruyere.appspot.com/123456//pages/includes/status-list-mo%3CIFRAME%20SRC%3D%22javascript%3Aalert%281337%29%22%3E.vm",
    "severity": "medium",
    "template": "CVE-2018-5230",
    "type": "http",
  },
  Object {
    "author": "mavericknerd @0h1in9e",
    "description": "An XSS vulnerability exists in the Jolokia agent version 1.3.7 in the HTTP servlet that allows an attacker to execute malicious javascript in the victim's browser.",
    "matched": "https://google-gruyere.appspot.com/123456//api/jolokia/read%3Csvg%20onload=alert%28document.domain%29%3E?mimeType=text/html",
    "severity": "high",
    "template": "CVE-2018-1000129",
    "type": "http",
  },
  Object {
    "author": "mavericknerd @0h1in9e",
    "description": "An XSS vulnerability exists in the Jolokia agent version 1.3.7 in the HTTP servlet that allows an attacker to execute malicious javascript in the victim's browser.",
    "matched": "https://google-gruyere.appspot.com/123456/:8080/jolokia/read%3Csvg%20onload=alert%28document.domain%29%3E?mimeType=text/html",
    "severity": "high",
    "template": "CVE-2018-1000129",
    "type": "http",
  },
]
`;

exports[`nuclei basic test 2`] = `
Object {
  "cpe": null,
  "createdAt": Any<Date>,
  "cve": "CVE-2018-1000129",
  "cvss": null,
  "cwe": null,
  "description": "",
  "id": Any<String>,
  "lastSeen": Any<Date>,
  "notes": "",
  "severity": "High",
  "state": "open",
  "substate": "exploitable",
  "title": "CVE-2018-1000129",
  "updatedAt": 2020-09-24T21:41:05.747Z,
}
`;
